[0effortthemes.com/awesomeIdeas/index.html]
[backblue.gif]
[fade.gif]
[index.html]
[0effortthemes.com/awesomeIdeas/styles/vendor.css]
[0effortthemes.com/awesomeIdeas/styles/main.css]
[0effortthemes.com/awesomeIdeas/scripts/vendor/modernizr.js]
[0effortthemes.com/awesomeIdeas/images/logo-mobile.png]
[0effortthemes.com/awesomeIdeas/images/logo-2.png]
[0effortthemes.com/awesomeIdeas/images/logo.png]
[0effortthemes.com/awesomeIdeas/images/icons/cross.png]
[0effortthemes.com/awesomeIdeas/images/home/text_back.png]
[0effortthemes.com/awesomeIdeas/images/home/background.png]
[0effortthemes.com/awesomeIdeas/images/home/text_front.png]
[0effortthemes.com/awesomeIdeas/images/about/back-about.png]
[0effortthemes.com/awesomeIdeas/images/about/graphics_front.png]
[0effortthemes.com/awesomeIdeas/serviceDetails.html]
[0effortthemes.com/awesomeIdeas/images/content/sBusiness.png]
[0effortthemes.com/awesomeIdeas/images/content/sbranding.png]
[0effortthemes.com/awesomeIdeas/images/service/laptop.png]
[0effortthemes.com/awesomeIdeas/images/service/food.png]
[0effortthemes.com/awesomeIdeas/images/service/camera.png]
[0effortthemes.com/awesomeIdeas/images/service/headphone.png]
[0effortthemes.com/awesomeIdeas/images/service/juice.png]
[0effortthemes.com/awesomeIdeas/workDetails.html]
[0effortthemes.com/awesomeIdeas/images/content/service1.jpg]
[0effortthemes.com/awesomeIdeas/images/content/service2.jpg]
[0effortthemes.com/awesomeIdeas/images/content/service3.jpg]
[0effortthemes.com/awesomeIdeas/images/content/service4.jpg]
[0effortthemes.com/awesomeIdeas/images/content/service5.jpg]
[0effortthemes.com/awesomeIdeas/images/content/service6.jpg]
[0effortthemes.com/awesomeIdeas/teamDetails.html]
[0effortthemes.com/awesomeIdeas/images/icons/upload.png]
[0effortthemes.com/awesomeIdeas/images/team/jacket.png]
[0effortthemes.com/awesomeIdeas/blogPageDetails.html]
[0effortthemes.com/awesomeIdeas/blog-details.html]
[0effortthemes.com/awesomeIdeas/product.html]
[0effortthemes.com/awesomeIdeas/images/productpage/bag01.png]
[0effortthemes.com/awesomeIdeas/images/productpage/small-02.png]
[0effortthemes.com/awesomeIdeas/images/productpage/small-04.png]
[0effortthemes.com/awesomeIdeas/images/productpage/small-07.png]
[0effortthemes.com/awesomeIdeas/images/icons/contact-query.png]
[0effortthemes.com/awesomeIdeas/images/icons/mapmarker.png]
[0effortthemes.com/awesomeIdeas/mail.html]
[0effortthemes.com/awesomeIdeas/index.html]
[0effortthemes.com/awesomeIdeas/fonts/fontawesome-webfonte0a5.eot]
[0effortthemes.com/awesomeIdeas/fonts/fontawesome-webfontd41d.eot]
[0effortthemes.com/awesomeIdeas/fonts/fontawesome-webfonte0a5.woff2]
[0effortthemes.com/awesomeIdeas/fonts/fontawesome-webfonte0a5.woff]
[0effortthemes.com/awesomeIdeas/scripts/plugins.js]
[0effortthemes.com/awesomeIdeas/scripts/vendor.js]
[0effortthemes.com/awesomeIdeas/fonts/fontawesome-webfonte0a5.ttf]
[0effortthemes.com/awesomeIdeas/styles/vendor.css]
[0effortthemes.com/awesomeIdeas/fonts/glyphicons-halflings-regular.eot]
[0effortthemes.com/awesomeIdeas/fonts/glyphicons-halflings-regulard41d.eot]
[0effortthemes.com/awesomeIdeas/fonts/glyphicons-halflings-regular.woff2]
[0effortthemes.com/awesomeIdeas/fonts/glyphicons-halflings-regular.woff]
[0effortthemes.com/awesomeIdeas/fonts/glyphicons-halflings-regular.ttf]
[0effortthemes.com/awesomeIdeas/fonts/glyphicons-halflings-regular.svg]
[0effortthemes.com/awesomeIdeas/images/team/team1.jpg]
[0effortthemes.com/awesomeIdeas/images/team/team2.jpg]
[0effortthemes.com/awesomeIdeas/images/blog/blog1.jpg]
[0effortthemes.com/awesomeIdeas/images/blog/blog2.jpg]
[0effortthemes.com/awesomeIdeas/images/blog/blogd2.jpg]
[0effortthemes.com/awesomeIdeas/images/blog/blogd3.jpg]
[0effortthemes.com/awesomeIdeas/styles/main.css]
[0effortthemes.com/awesomeIdeas/index-2.html]
[0effortthemes.com/awesomeIdeas/images/icons/crossOrange.png]
[0effortthemes.com/awesomeIdeas/checkout.html]
[0effortthemes.com/awesomeIdeas/productDetails.html]
[0effortthemes.com/awesomeIdeas/images/service/man.png]
[0effortthemes.com/awesomeIdeas/images/service/iceCream.png]
[0effortthemes.com/awesomeIdeas/images/service/pin.png]
[0effortthemes.com/awesomeIdeas/images/service/shoes.png]
[0effortthemes.com/awesomeIdeas/serviceDetails.html]
[0effortthemes.com/awesomeIdeas/images/work/coffee_glass.png]
[0effortthemes.com/awesomeIdeas/images/service/glasses.png]
[0effortthemes.com/awesomeIdeas/images/work/work1.jpg]
[0effortthemes.com/awesomeIdeas/images/work/work2.jpg]
[0effortthemes.com/awesomeIdeas/images/work/work3.jpg]
[0effortthemes.com/awesomeIdeas/images/work/work4.jpg]
[0effortthemes.com/awesomeIdeas/images/work/work5.jpg]
[0effortthemes.com/awesomeIdeas/images/work/work6.jpg]
[0effortthemes.com/awesomeIdeas/workDetails.html]
[0effortthemes.com/awesomeIdeas/images/team/teamd1.jpg]
[0effortthemes.com/awesomeIdeas/images/team/teamd2.jpg]
[0effortthemes.com/awesomeIdeas/images/team/teamd3.jpg]
[0effortthemes.com/awesomeIdeas/images/team/teamd4.jpg]
[0effortthemes.com/awesomeIdeas/images/team/teamd5.jpg]
[0effortthemes.com/awesomeIdeas/images/team/teamd6.jpg]
[0effortthemes.com/awesomeIdeas/teamDetails.html]
[0effortthemes.com/awesomeIdeas/gallery.html]
[0effortthemes.com/awesomeIdeas/images/blog/blogt1.jpg]
[0effortthemes.com/awesomeIdeas/images/blog/blogt2.jpg]
[0effortthemes.com/awesomeIdeas/images/blog/blogt3.jpg]
[0effortthemes.com/awesomeIdeas/images/gallery/gallery1.jpg]
[0effortthemes.com/awesomeIdeas/images/gallery/gallery2.jpg]
[0effortthemes.com/awesomeIdeas/images/gallery/gallery3.jpg]
[0effortthemes.com/awesomeIdeas/images/gallery/gallery4.jpg]
[0effortthemes.com/awesomeIdeas/images/gallery/gallery5.jpg]
[0effortthemes.com/awesomeIdeas/images/gallery/gallery6.jpg]
[0effortthemes.com/awesomeIdeas/images/blog/oeffortImage.jpg]
[0effortthemes.com/awesomeIdeas/images/blog/blogcomment1.jpg]
[0effortthemes.com/awesomeIdeas/images/blog/blogcomment2.jpg]
[0effortthemes.com/awesomeIdeas/blogPageDetails.html]
[0effortthemes.com/awesomeIdeas/images/blog/blog-container.jpg]
[0effortthemes.com/awesomeIdeas/blog-details.html]
[0effortthemes.com/awesomeIdeas/images/productpage/small-03.png]
[0effortthemes.com/awesomeIdeas/images/productpage/big-01.png]
[0effortthemes.com/awesomeIdeas/images/productpage/big-02.png]
[0effortthemes.com/awesomeIdeas/images/productpage/small-05.png]
[0effortthemes.com/awesomeIdeas/shopcart.html]
[0effortthemes.com/awesomeIdeas/images/icons/shopping.png]
[0effortthemes.com/awesomeIdeas/product.html]
[0effortthemes.com/awesomeIdeas/mail.html]
[0effortthemes.com/awesomeIdeas/fonts/fontawesome-webfonte0a5.svg]
[0effortthemes.com/awesomeIdeas/fonts/glyphicons-halflings-regular.html]
[0effortthemes.com/awesomeIdeas/fonts/glyphicons-halflings-regulard41d.html]
[0effortthemes.com/awesomeIdeas/fonts/glyphicons-halflings-regular-2.html]
[0effortthemes.com/awesomeIdeas/fonts/glyphicons-halflings-regular-3.html]
[0effortthemes.com/awesomeIdeas/fonts/glyphicons-halflings-regular-4.html]
[0effortthemes.com/awesomeIdeas/fonts/glyphicons-halflings-regular-5.html]
[0effortthemes.com/awesomeIdeas/scripts/main.js]
[0effortthemes.com/awesomeIdeas/index-2.html]
[0effortthemes.com/awesomeIdeas/checkout.html]
[0effortthemes.com/awesomeIdeas/productDetails.html]
[0effortthemes.com/awesomeIdeas/gallery.html]
[0effortthemes.com/awesomeIdeas/images/product/grid.svg]
[0effortthemes.com/awesomeIdeas/shopcart.html]
[0effortthemes.com/awesomeIdeas/images/productpage/small-06.png]
[0effortthemes.com/awesomeIdeas/images/team/team3.jpg]
[0effortthemes.com/awesomeIdeas/images/team/team4.jpg]
